Chet is the current player
They have rolled a 5
Chet's new location is 5
The category is Science
Science Question 0
