Question was incorrectly answered
Chet was sent to the penalty box
