Answer was corrent!!!!
Chet now has 1 Gold Coins.
