Chet is the current player
They have rolled a 5
Chet is getting out of the penalty box
Chet's new location is 5
The category is Science
Science Question 0
