The answer was correct!
Chet now has 1 Gold Coins.
