Chet is the current player
They have rolled a 4
Chet is not getting out of the penalty box
